../Core/Src/onewire.c:24:6:ONEWIRE_DELAY	16	static
../Core/Src/onewire.c:29:6:ONEWIRE_LOW	16	static
../Core/Src/onewire.c:33:6:ONEWIRE_HIGH	16	static
../Core/Src/onewire.c:37:6:ONEWIRE_INPUT	32	static
../Core/Src/onewire.c:46:6:ONEWIRE_OUTPUT	32	static
../Core/Src/onewire.c:56:6:OneWire_Init	24	static
../Core/Src/onewire.c:72:16:OneWire_Reset	24	static
../Core/Src/onewire.c:92:13:OneWire_WriteBit	16	static
../Core/Src/onewire.c:125:16:OneWire_ReadBit	24	static
../Core/Src/onewire.c:151:6:OneWire_WriteByte	24	static
../Core/Src/onewire.c:161:9:OneWire_ReadByte	24	static
../Core/Src/onewire.c:171:9:OneWire_First	16	static
../Core/Src/onewire.c:179:9:OneWire_Next	16	static
../Core/Src/onewire.c:184:6:OneWire_ResetSearch	16	static
../Core/Src/onewire.c:191:9:OneWire_Search	24	static
../Core/Src/onewire.c:304:5:OneWire_Verify	48	static
../Core/Src/onewire.c:344:6:OneWire_TargetSetup	24	static
../Core/Src/onewire.c:358:6:OneWire_FamilySkipSetup	16	static
../Core/Src/onewire.c:369:9:OneWire_GetROM	16	static
../Core/Src/onewire.c:373:6:OneWire_Select	24	static
../Core/Src/onewire.c:382:6:OneWire_SelectWithPointer	24	static
../Core/Src/onewire.c:391:6:OneWire_GetFullROM	24	static
../Core/Src/onewire.c:398:9:OneWire_CRC8	24	static
